--------------------------------------------------------------------------------------
Timing Analyzer Summary
--------------------------------------------------------------------------------------

Type           : Worst-case tsu
Slack          : N/A
Required Time  : None
Actual Time    : 7.597 ns
From           : SW_USER[0]
To             : mf_count1:inst2|lpm_counter:lpm_counter_component|cntr_718:auto_generated|safe_q[7]
From Clock     : 
To Clock       : fclk
Failed Paths   : 0

Type           : Worst-case tco
Slack          : N/A
Required Time  : None
Actual Time    : 11.882 ns
From           : mf_count1:inst2|lpm_counter:lpm_counter_component|cntr_718:auto_generated|safe_q[21]
To             : DIG0_SEG[3]
From Clock     : fclk
To Clock       : 
Failed Paths   : 0

Type           : Worst-case th
Slack          : N/A
Required Time  : None
Actual Time    : -4.675 ns
From           : SW_USER[1]
To             : inst15
From Clock     : 
To Clock       : fclk
Failed Paths   : 0

Type           : Clock Setup: 'fclk'
Slack          : N/A
Required Time  : None
Actual Time    : 191.53 MHz ( period = 5.221 ns )
From           : seqdebounce:inst20|stateout
To             : mf_count1:inst2|lpm_counter:lpm_counter_component|cntr_718:auto_generated|safe_q[11]
From Clock     : fclk
To Clock       : fclk
Failed Paths   : 0

Type           : Total number of failed paths
Slack          : 
Required Time  : 
Actual Time    : 
From           : 
To             : 
From Clock     : 
To Clock       : 
Failed Paths   : 0

--------------------------------------------------------------------------------------

