Analysis & Synthesis report for LiveDesign
Fri Jan 28 19:38:26 2005
Version 4.2 Build 156 11/29/2004 SJ Web Edition


---------------------
; Table of Contents ;
---------------------
  1. Legal Notice
  2. Analysis & Synthesis Summary
  3. Analysis & Synthesis Settings
  4. Analysis & Synthesis Source Files Read
  5. Analysis & Synthesis Messages



----------------
; Legal Notice ;
----------------
Copyright (C) 1991-2004 Altera Corporation
Any  megafunction  design,  and related netlist (encrypted  or  decrypted),
support information,  device programming or simulation file,  and any other
associated  documentation or information  provided by  Altera  or a partner
under  Altera's   Megafunction   Partnership   Program  may  be  used  only
to program  PLD  devices (but not masked  PLD  devices) from  Altera.   Any
other  use  of such  megafunction  design,  netlist,  support  information,
device programming or simulation file,  or any other  related documentation
or information  is prohibited  for  any  other purpose,  including, but not
limited to  modification,  reverse engineering,  de-compiling, or use  with
any other  silicon devices,  unless such use is  explicitly  licensed under
a separate agreement with  Altera  or a megafunction partner.  Title to the
intellectual property,  including patents,  copyrights,  trademarks,  trade
secrets,  or maskworks,  embodied in any such megafunction design, netlist,
support  information,  device programming or simulation file,  or any other
related documentation or information provided by  Altera  or a megafunction
partner, remains with Altera, the megafunction partner, or their respective
licensors. No other licenses, including any licenses needed under any third
party's intellectual property, are provided herein.



+-----------------------------------------------------------------------+
; Analysis & Synthesis Summary                                          ;
+-----------------------------+-----------------------------------------+
; Analysis & Synthesis Status ; Failed - Fri Jan 28 19:38:26 2005       ;
; Quartus II Version          ; 4.2 Build 156 11/29/2004 SJ Web Edition ;
; Revision Name               ; LiveDesign                              ;
; Top-level Entity Name       ; Counter                                 ;
; Family                      ; Cyclone                                 ;
+-----------------------------+-----------------------------------------+


+---------------------------------------------------------------------------------------------------+
; Analysis & Synthesis Settings                                                                     ;
+--------------------------------------------------------------------+--------------+---------------+
; Option                                                             ; Setting      ; Default Value ;
+--------------------------------------------------------------------+--------------+---------------+
; Device                                                             ; EP1C12F324C8 ;               ;
; Family name                                                        ; Cyclone      ; Stratix       ;
; Top-level entity name                                              ; Counter      ; LiveDesign    ;
; Use smart compilation                                              ; Normal       ; Normal        ;
; Restructure Multiplexers                                           ; Auto         ; Auto          ;
; Create Debugging Nodes for IP Cores                                ; off          ; off           ;
; Preserve fewer node names                                          ; On           ; On            ;
; Disable OpenCore Plus hardware evaluation                          ; Off          ; Off           ;
; Verilog Version                                                    ; Verilog_2001 ; Verilog_2001  ;
; VHDL Version                                                       ; VHDL93       ; VHDL93        ;
; State Machine Processing                                           ; Auto         ; Auto          ;
; Extract Verilog State Machines                                     ; On           ; On            ;
; Extract VHDL State Machines                                        ; On           ; On            ;
; NOT Gate Push-Back                                                 ; On           ; On            ;
; Power-Up Don't Care                                                ; On           ; On            ;
; Remove Redundant Logic Cells                                       ; Off          ; Off           ;
; Remove Duplicate Registers                                         ; On           ; On            ;
; Ignore CARRY Buffers                                               ; Off          ; Off           ;
; Ignore CASCADE Buffers                                             ; Off          ; Off           ;
; Ignore GLOBAL Buffers                                              ; Off          ; Off           ;
; Ignore ROW GLOBAL Buffers                                          ; Off          ; Off           ;
; Ignore LCELL Buffers                                               ; Off          ; Off           ;
; Ignore SOFT Buffers                                                ; On           ; On            ;
; Limit AHDL Integers to 32 Bits                                     ; Off          ; Off           ;
; Optimization Technique -- Cyclone                                  ; Balanced     ; Balanced      ;
; Carry Chain Length -- Stratix/Stratix GX/Cyclone/MAX II/Cyclone II ; 70           ; 70            ;
; Auto Carry Chains                                                  ; On           ; On            ;
; Auto Open-Drain Pins                                               ; On           ; On            ;
; Remove Duplicate Logic                                             ; On           ; On            ;
; Perform WYSIWYG Primitive Resynthesis                              ; Off          ; Off           ;
; Perform gate-level register retiming                               ; Off          ; Off           ;
; Allow register retiming to trade off Tsu/Tco with Fmax             ; On           ; On            ;
; Auto ROM Replacement                                               ; On           ; On            ;
; Auto RAM Replacement                                               ; On           ; On            ;
; Auto Shift Register Replacement                                    ; On           ; On            ;
; Auto Clock Enable Replacement                                      ; On           ; On            ;
; Allows Synchronous Control Signal Usage in Normal Mode Logic Cells ; On           ; On            ;
; Auto RAM Block Balancing                                           ; On           ; On            ;
; Auto Resource Sharing                                              ; Off          ; Off           ;
; Allow Any RAM Size For Recognition                                 ; Off          ; Off           ;
; Allow Any ROM Size For Recognition                                 ; Off          ; Off           ;
; Allow Any Shift Register Size For Recognition                      ; Off          ; Off           ;
; Enable M512 Memory Blocks                                          ; On           ; On            ;
+--------------------------------------------------------------------+--------------+---------------+


+------------------------------------------------------------------------------------------------------+
; Analysis & Synthesis Source Files Read                                                               ;
+----------------------------------+-----------------+-------------------------------------------------+
; File Name with User-Entered Path ; Used in Netlist ; File Name with Absolute Path                    ;
+----------------------------------+-----------------+-------------------------------------------------+
; Counter.bdf                      ; yes             ; C:/quartus2we/Class127B/Labs/Lab3.1/Counter.bdf ;
+----------------------------------+-----------------+-------------------------------------------------+


+-------------------------------+
; Analysis & Synthesis Messages ;
+-------------------------------+
Info: *******************************************************************
Info: Running Quartus II Analysis & Synthesis
    Info: Version 4.2 Build 156 11/29/2004 SJ Web Edition
    Info: Processing started: Fri Jan 28 19:38:26 2005
Info: Command: quartus_map --import_settings_files=on --export_settings_files=off LiveDesign -c LiveDesign
Warning: Can't analyze file -- file C:/quartus2we/Class127B/Labs/Lab3.1/LEDtest.bdf is missing
Info: Found 1 design units, including 1 entities, in source file 7segment.tdf
    Info: Found entity 1: 7segment
Info: Found 1 design units, including 1 entities, in source file Counter.bdf
    Info: Found entity 1: Counter
Error: Port "hex[3..0]" of type 7segment of instance "inst" is missing source signal
Error: Port "hex[3..0]" of type 7segment of instance "inst1" is missing source signal
Error: Port "hex[3..0]" of type 7segment of instance "inst3" is missing source signal
Error: Port "hex[3..0]" of type 7segment of instance "inst6" is missing source signal
Error: Port "hex[3..0]" of type 7segment of instance "inst9" is missing source signal
Error: Port "hex[3..0]" of type 7segment of instance "inst10" is missing source signal
Error: Can't elaborate top-level user hierarchy
Error: Quartus II Analysis & Synthesis was unsuccessful. 7 errors, 1 warning
    Error: Processing ended: Fri Jan 28 19:38:26 2005
    Error: Elapsed time: 00:00:00


